// Jest Snapshot v1, https://goo.gl/fbAQLP

exports[`TemplateGrid/TemplateGridItemArea Component has main class 1`] = `<div item-id="test" class="grid__item-area" style="grid-column: 2 / 3; padding: 0px 0px; grid-template-columns: repeat(1, 1fr);"> </div>`;
