// Jest Snapshot v1, https://goo.gl/fbAQLP

exports[`Grid/PresentationCells/GridPresentationCell Component is displaying text 1`] = `
<div class="presentation-cell"><span title="Test">Test</span>
  <!---->
</div>
`;
