// Jest Snapshot v1, https://goo.gl/fbAQLP

exports[`TemplateGrid/TemplateGridItemsContainer Component has main class 1`] = `
<div
  class="grid-items-container"
/>
`;
