// Jest Snapshot v1, https://goo.gl/fbAQLP

exports[`TemplateGrid/TemplateGridItemArea Component has main class 1`] = `
<div
  class="grid__item-area"
  item-id="test"
  style="grid-column: 2 / 3; margin-left: 0px; padding: 0px 0px; grid-template-columns: repeat(1, 1fr);"
>
   
</div>
`;
