// Jest Snapshot v1, https://goo.gl/fbAQLP

exports[`NavigationBar Has no items 1`] = `
<nav class="navigation-bar">
  <section class="navigation-bar__section"></section>
  <section class="navigation-bar__section"></section>
</nav>
`;
