// Jest Snapshot v1, https://goo.gl/fbAQLP

exports[`Errors/404 Component is named well 1`] = `
<div class="placeholder">
  <div class="horizontal-wrapper"><img src="~/assets/images/placeholders/error-pages/404.svg" class="image">
    <div class="navigation-section">
      <h1 class="navigation-section__header">
        Not found
      </h1>
      <p class="navigation-section__description font--medium-16-24">
        The link you clicked may be broken or the page may have been removed.
      </p> <button type="button" aria-label="Go to dashboard" class="btn btn--primary btn--regular"> <span class="btn__title font--semi-bold-14-16">Go to dashboard</span> </button>
    </div>
  </div> <span class="error-section font--medium-16-24 section__quotation">
        The page you were looking for doesnâ€™t exist. If you think this is an
        <br> error, please report it to the system administrator.
    </span>
</div>
`;
