// Jest Snapshot v1, https://goo.gl/fbAQLP

exports[`Layout/App Component is named well 1`] = `<div class="app"></div>`;
