// Jest Snapshot v1, https://goo.gl/fbAQLP

exports[`TitleBar/TitleBarHeader Header has breadcrumb 1`] = `
<div data-cy="title-bar-header" class="title-bar-header" isbreadcrumb="true">
  <h1 class="title-bar-header__title">test</h1>
</div>
`;
